// Jest Snapshot v1, https://goo.gl/fbAQLP

exports[`User Details Screen Should render User Details Screen  1`] = `
<RNCSafeAreaView
  style={
    Array [
      Object {
        "alignItems": "center",
        "backgroundColor": "gray",
        "flexBasis": 0,
        "flexGrow": 1,
        "flexShrink": 1,
        "justifyContent": "center",
        "paddingBottom": 50,
        "paddingHorizontal": 20,
      },
    ]
  }
>
  <Text
    style={
      Array [
        Object {
          "fontSize": 28,
          "fontWeight": "bold",
          "marginBottom": 40,
        },
      ]
    }
  >
    User Name
  </Text>
  <TextInput
    allowFontScaling={true}
    onChangeText={[Function]}
    placeholder="Enter user name"
    rejectResponderTermination={true}
    returnKeyType="done"
    style={
      Array [
        Object {
          "backgroundColor": "#fff",
          "borderColor": "#c7f5f3",
          "borderRadius": 5,
          "borderWidth": 0,
          "height": 50,
          "marginBottom": 10,
          "paddingLeft": 20,
          "width": "100%",
        },
      ]
    }
    testID="input-field"
    underlineColorAndroid="transparent"
  />
  <View
    accessible={true}
    focusable={true}
    onClick={[Function]}
    onResponderGrant={[Function]}
    onResponderMove={[Function]}
    onResponderRelease={[Function]}
    onResponderTerminate={[Function]}
    onResponderTerminationRequest={[Function]}
    onStartShouldSetResponder={[Function]}
    style={
      Object {
        "alignItems": "center",
        "backgroundColor": "red",
        "borderRadius": 6,
        "justifyContent": "center",
        "marginBottom": 10,
        "marginLeft": 10,
        "marginRight": 10,
        "marginTop": 10,
        "opacity": 1,
      }
    }
    testID="button"
  >
    <Text
      color="#fff"
      style={
        Array [
          Object {
            "color": "#fff",
            "fontSize": 16,
            "marginBottom": 15,
            "marginLeft": 15,
            "marginRight": 15,
            "marginTop": 15,
            "textAlign": "center",
          },
        ]
      }
    >
      Next
    </Text>
  </View>
</RNCSafeAreaView>
`;
