// Jest Snapshot v1, https://goo.gl/fbAQLP

exports[`Dashboard Screen Should render Dashboard screen 1`] = `
<RCTSafeAreaView
  emulateUnlessSupported={true}
  style={
    Array [
      Object {
        "flexBasis": 0,
        "flexGrow": 1,
        "flexShrink": 1,
      },
    ]
  }
>
  <View
    style={
      Array [
        Object {
          "alignItems": "center",
          "flexDirection": "row",
          "justifyContent": "space-around",
        },
      ]
    }
  >
    <View
      accessible={true}
      focusable={true}
      onClick={[Function]}
      onResponderGrant={[Function]}
      onResponderMove={[Function]}
      onResponderRelease={[Function]}
      onResponderTerminate={[Function]}
      onResponderTerminationRequest={[Function]}
      onStartShouldSetResponder={[Function]}
      style={
        Object {
          "alignItems": "center",
          "backgroundColor": "transparent",
          "borderRadius": 6,
          "justifyContent": "center",
          "opacity": 1,
        }
      }
      testID="back-button"
    >
      <Text
        allowFontScaling={false}
        style={
          Array [
            Object {
              "color": "#000",
              "fontSize": 30,
            },
            undefined,
            Object {
              "fontFamily": "FontAwesome",
              "fontStyle": "normal",
              "fontWeight": "normal",
            },
            Object {},
          ]
        }
      >
        
      </Text>
    </View>
    <Text
      style={
        Array [
          Object {
            "fontSize": 28,
            "fontWeight": "bold",
          },
        ]
      }
    >
      Dashboard
    </Text>
    <View
      accessible={true}
      focusable={true}
      onClick={[Function]}
      onResponderGrant={[Function]}
      onResponderMove={[Function]}
      onResponderRelease={[Function]}
      onResponderTerminate={[Function]}
      onResponderTerminationRequest={[Function]}
      onStartShouldSetResponder={[Function]}
      style={
        Object {
          "alignItems": "center",
          "backgroundColor": "transparent",
          "borderRadius": 6,
          "justifyContent": "center",
          "opacity": 1,
        }
      }
      testID="next-button"
    >
      <Text
        allowFontScaling={false}
        style={
          Array [
            Object {
              "color": "#000",
              "fontSize": 30,
            },
            undefined,
            Object {
              "fontFamily": "FontAwesome",
              "fontStyle": "normal",
              "fontWeight": "normal",
            },
            Object {},
          ]
        }
      >
        
      </Text>
    </View>
  </View>
  <View
    style={
      Array [
        Object {
          "alignItems": "center",
          "justifyContent": "center",
          "marginTop": 100,
        },
      ]
    }
  >
    <Text
      testID="store-label"
    >
      Welcome 
      dummy name
    </Text>
    <Text
      testID="display-label"
    >
      Running on 
      Emulator
    </Text>
  </View>
</RCTSafeAreaView>
`;
